<html>
<body>
<pre>
<h1>µVision Build Log</h1>
<h2>Tool Versions:</h2>
IDE-Version: ¶ÃVision V5.24.2.0
Copyright (C) 2017 ARM Ltd and ARM Germany GmbH. All rights reserved.
License Information: w c, wc, LIC=D0D7S-LI1WC-63QMB-2P4S1-GC9LL-NVJCV
 
Tool Versions:
Toolchain:       MDK-ARM Plus  Version: 5.24.1
Toolchain Path:  C:\Keil_v5\ARM\ARMCC\Bin
C Compiler:      Armcc.exe V5.06 update 5 (build 528)
Assembler:       Armasm.exe V5.06 update 5 (build 528)
Linker/Locator:  ArmLink.exe V5.06 update 5 (build 528)
Library Manager: ArmAr.exe V5.06 update 5 (build 528)
Hex Converter:   FromElf.exe V5.06 update 5 (build 528)
CPU DLL:         SARMCM3.DLL V5.24.1
Dialog DLL:      DARMSTM.DLL V1.68.0.0
Target DLL:      UL2CM3.DLL V1.160.3.0
Dialog DLL:      TARMSTM.DLL V1.66.0.0
 
<h2>Project:</h2>
D:\STM32≤ÓÀŸ°æ¿∂—¿-±‹’œ-PS2“£øÿ-—≠º£°ø\USER\dayurobot_r2_af.uvprojx
Project File Date:  05/30/2023

<h2>Output:</h2>
*** Using Compiler 'V5.06 update 5 (build 528)', folder: 'C:\Keil_v5\ARM\ARMCC\Bin'
Build target 'Target 1'
compiling timer.c...
compiling SR04.c...
..\HARDWARE\SR04\SR04.c(49): warning:  #177-D: variable "told"  was declared but never referenced
  	u32 told,tnow;
..\HARDWARE\SR04\SR04.c: 1 warning, 0 errors
compiling LED.C...
compiling main.c...
compiling ps2.c...
compiling sys.c...
compiling motor.c...
compiling pwm.c...
compiling key.c...
compiling encoder.c...
compiling delay.c...
compiling adc.c...
compiling control.c...
compiling usart.c...
compiling oled.c...
compiling usart2.c...
linking...
Program Size: Code=20048 RO-data=2340 RW-data=1124 ZI-data=1100  
FromELF: creating hex file...
"..\OBJ\standard_2WD.axf" - 0 Error(s), 1 Warning(s).

<h2>Software Packages used:</h2>

Package Vendor: Keil
                http://www.keil.com/pack/Keil.STM32F1xx_DFP.2.2.0.pack
                Keil.STM32F1xx_DFP.2.2.0
                STMicroelectronics STM32F1 Series Device Support, Drivers and Examples

<h2>Collection of Component include folders:</h2>
  .\RTE\_Target_1
  C:\Keil_v5\ARM\PACK\Keil\STM32F1xx_DFP\2.2.0\Device\Include

<h2>Collection of Component Files used:</h2>
Build Time Elapsed:  00:00:01
</pre>
</body>
</html>
